2026-01-15 19:43:42 - app - INFO - 日志系统初始化完成
2026-01-15 19:43:43 - app - INFO - 应用初始化完成，配置: default
教师表的status字段已存在
教师表的employment_type字段已存在
教师表的bio字段已存在
教师表的resume_path字段已存在
教师表的resume_filename字段已存在
学生课程表的时段字段已存在
学生课程表的教室字段已存在
课时统计表结构正常
缴费表的type字段已存在
老师课时表的incentive字段已存在
老师课时表的remark字段已存在
老师课时表的base_salary字段已存在
老师课时表的is_settled字段已存在
老师课时表的settled_at字段已存在
财务记录表的revenue_mode字段已存在
课时统计表的course_id字段已存在
老师课时表的course_id字段已存在
学生课程表的is_confirmed字段已存在
教师简历表已存在
使用端口: 80
教务管理系统启动成功！
访问地址: http://localhost:80
 * Serving Flask app 'app'
 * Debug mode: on
2026-01-15 19:43:43 - app - INFO - 日志系统初始化完成
2026-01-15 19:43:44 - app - INFO - 应用初始化完成，配置: default
 * Debugger is active!
教师表的status字段已存在
教师表的employment_type字段已存在
教师表的bio字段已存在
教师表的resume_path字段已存在
教师表的resume_filename字段已存在
学生课程表的时段字段已存在
学生课程表的教室字段已存在
课时统计表结构正常
缴费表的type字段已存在
老师课时表的incentive字段已存在
老师课时表的remark字段已存在
老师课时表的base_salary字段已存在
老师课时表的is_settled字段已存在
老师课时表的settled_at字段已存在
财务记录表的revenue_mode字段已存在
课时统计表的course_id字段已存在
老师课时表的course_id字段已存在
学生课程表的is_confirmed字段已存在
教师简历表已存在
使用端口: 80
教务管理系统启动成功！
访问地址: http://localhost:80
2026-01-15 19:43:54 - app - INFO - 日志系统初始化完成
2026-01-15 19:43:55 - app - INFO - 应用初始化完成，配置: default
 * Debugger is active!
2026-01-15 19:52:05 - app - INFO - 用户登录成功: admin
2026-01-15 19:52:32 - app - INFO - 用户登录成功: admin
2026-01-15 19:54:37 - app - INFO - 用户登录成功: admin
20.127.170.79 - - [15/Jan/2026 20:38:38] code 400, message Bad request syntax ('MGLNDD_118.31.105.86_80')
2026-01-15 20:45:29 - app - INFO - 用户登录成功: admin
2026-01-15 20:48:48 - app - INFO - 用户登录成功: admin
教师表的status字段已存在
教师表的employment_type字段已存在
教师表的bio字段已存在
教师表的resume_path字段已存在
教师表的resume_filename字段已存在
学生课程表的时段字段已存在
学生课程表的教室字段已存在
课时统计表结构正常
缴费表的type字段已存在
老师课时表的incentive字段已存在
老师课时表的remark字段已存在
老师课时表的base_salary字段已存在
老师课时表的is_settled字段已存在
老师课时表的settled_at字段已存在
财务记录表的revenue_mode字段已存在
课时统计表的course_id字段已存在
老师课时表的course_id字段已存在
学生课程表的is_confirmed字段已存在
教师简历表已存在
使用端口: 80
教务管理系统启动成功！
访问地址: http://localhost:80
API查询: month=2026-01, week=3
日期范围: 2026-01-12 到 2026-01-18
查询结果数量: 3
第一条记录日期: 2026-01-16
API查询: month=2026-01, week=3
日期范围: 2026-01-12 到 2026-01-18
查询结果数量: 3
第一条记录日期: 2026-01-16
API查询: month=2026-01, week=1
日期范围: 2026-01-01 到 2026-01-04
查询结果数量: 0
API查询: month=2026-01, week=3
日期范围: 2026-01-12 到 2026-01-18
查询结果数量: 3
第一条记录日期: 2026-01-16
API查询: month=2026-01, week=3
日期范围: 2026-01-12 到 2026-01-18
查询结果数量: 4
第一条记录日期: 2026-01-16
API查询: month=2026-01, week=1
日期范围: 2026-01-01 到 2026-01-04
查询结果数量: 0
API查询: month=2026-01, week=3
日期范围: 2026-01-12 到 2026-01-18
查询结果数量: 4
第一条记录日期: 2026-01-16
API查询: month=2026-01, week=3
日期范围: 2026-01-12 到 2026-01-18
查询结果数量: 4
第一条记录日期: 2026-01-16
API查询: month=2026-01, week=3
日期范围: 2026-01-12 到 2026-01-18
查询结果数量: 4
第一条记录日期: 2026-01-16
API查询: month=2026-01, week=1
日期范围: 2026-01-01 到 2026-01-04
查询结果数量: 0
API查询: month=2026-01, week=3
日期范围: 2026-01-12 到 2026-01-18
查询结果数量: 4
第一条记录日期: 2026-01-16
API查询: month=2026-01, week=3
日期范围: 2026-01-12 到 2026-01-18
查询结果数量: 4
第一条记录日期: 2026-01-16
API查询: month=2026-01, week=3
日期范围: 2026-01-12 到 2026-01-18
查询结果数量: 4
第一条记录日期: 2026-01-16
API查询: month=2026-01, week=1
日期范围: 2026-01-01 到 2026-01-04
查询结果数量: 0
API查询: month=2026-01, week=3
日期范围: 2026-01-12 到 2026-01-18
查询结果数量: 4
第一条记录日期: 2026-01-16
API查询: month=2026-01, week=3
日期范围: 2026-01-12 到 2026-01-18
查询结果数量: 4
第一条记录日期: 2026-01-16
2026-01-15 21:03:45 - app - INFO - 日志系统初始化完成
2026-01-15 21:03:46 - app - INFO - 应用初始化完成，配置: default
 * Debugger is active!
教师表的status字段已存在
教师表的employment_type字段已存在
教师表的bio字段已存在
教师表的resume_path字段已存在
教师表的resume_filename字段已存在
学生课程表的时段字段已存在
学生课程表的教室字段已存在
课时统计表结构正常
缴费表的type字段已存在
老师课时表的incentive字段已存在
老师课时表的remark字段已存在
老师课时表的base_salary字段已存在
老师课时表的is_settled字段已存在
老师课时表的settled_at字段已存在
财务记录表的revenue_mode字段已存在
课时统计表的course_id字段已存在
老师课时表的course_id字段已存在
学生课程表的is_confirmed字段已存在
教师简历表已存在
使用端口: 80
教务管理系统启动成功！
访问地址: http://localhost:80
2026-01-15 21:03:54 - app - INFO - 日志系统初始化完成
2026-01-15 21:03:54 - app - INFO - 应用初始化完成，配置: default
 * Debugger is active!
教师表的status字段已存在
教师表的employment_type字段已存在
教师表的bio字段已存在
教师表的resume_path字段已存在
教师表的resume_filename字段已存在
学生课程表的时段字段已存在
学生课程表的教室字段已存在
课时统计表结构正常
缴费表的type字段已存在
老师课时表的incentive字段已存在
老师课时表的remark字段已存在
老师课时表的base_salary字段已存在
老师课时表的is_settled字段已存在
老师课时表的settled_at字段已存在
财务记录表的revenue_mode字段已存在
课时统计表的course_id字段已存在
老师课时表的course_id字段已存在
学生课程表的is_confirmed字段已存在
教师简历表已存在
使用端口: 80
教务管理系统启动成功！
访问地址: http://localhost:80
2026-01-15 21:03:58 - app - INFO - 日志系统初始化完成
2026-01-15 21:03:59 - app - INFO - 应用初始化完成，配置: default
 * Debugger is active!
2026-01-16 18:26:45 - app - INFO - 日志系统初始化完成
2026-01-16 18:26:47 - app - INFO - 应用初始化完成，配置: default
教师表的status字段已存在
教师表的employment_type字段已存在
教师表的bio字段已存在
教师表的resume_path字段已存在
教师表的resume_filename字段已存在
学生课程表的时段字段已存在
学生课程表的教室字段已存在
课时统计表结构正常
缴费表的type字段已存在
老师课时表的incentive字段已存在
老师课时表的remark字段已存在
老师课时表的base_salary字段已存在
老师课时表的is_settled字段已存在
老师课时表的settled_at字段已存在
财务记录表的revenue_mode字段已存在
课时统计表的course_id字段已存在
老师课时表的course_id字段已存在
学生课程表的is_confirmed字段已存在
教师简历表已存在
用户权限表已存在
使用端口: 80
教务管理系统启动成功！
Debug模式: 已启用
访问地址: http://localhost:80
 * Serving Flask app 'app'
 * Debug mode: on
2026-01-16 18:26:48 - app - INFO - 日志系统初始化完成
2026-01-16 18:26:49 - app - INFO - 应用初始化完成，配置: default
 * Debugger is active!
教师表的status字段已存在
教师表的employment_type字段已存在
教师表的bio字段已存在
教师表的resume_path字段已存在
教师表的resume_filename字段已存在
学生课程表的时段字段已存在
学生课程表的教室字段已存在
课时统计表结构正常
缴费表的type字段已存在
老师课时表的incentive字段已存在
老师课时表的remark字段已存在
老师课时表的base_salary字段已存在
老师课时表的is_settled字段已存在
老师课时表的settled_at字段已存在
财务记录表的revenue_mode字段已存在
课时统计表的course_id字段已存在
老师课时表的course_id字段已存在
学生课程表的is_confirmed字段已存在
教师简历表已存在
用户权限表已存在
使用端口: 80
教务管理系统启动成功！
Debug模式: 已启用
访问地址: http://localhost:80
